../Core/Src/app/control_timing_debug.c:23:14:ControlTimingDebug_WrapPi	16	static
../Core/Src/app/control_timing_debug.c:37:17:ControlTimingDebug_CyclesToUs	24	static
../Core/Src/app/control_timing_debug.c:45:13:ControlTimingDebug_Reset	16	static
../Core/Src/app/control_timing_debug.c:57:13:ControlTimingDebug_SaveEvent	32	static
../Core/Src/app/control_timing_debug.c:131:6:ControlTimingDebug_Init	8	static
../Core/Src/app/control_timing_debug.c:145:10:ControlTimingDebug_ReadCycle	4	static
../Core/Src/app/control_timing_debug.c:151:6:ControlTimingDebug_RecordProcess	32	static
../Core/Src/app/control_timing_debug.c:188:6:ControlTimingDebug_BeginControl	24	static
../Core/Src/app/control_timing_debug.c:233:6:ControlTimingDebug_RecordBreakdown	24	static
../Core/Src/app/control_timing_debug.c:259:6:ControlTimingDebug_RecordSignals	16	static
../Core/Src/app/control_timing_debug.c:276:6:ControlTimingDebug_RecordYawContext	24	static
../Core/Src/app/control_timing_debug.c:295:16:ControlTimingDebug_DetectYawFault	32	static
../Core/Src/app/control_timing_debug.c:390:6:ControlTimingDebug_EndControl	64	static
../Core/Src/app/control_timing_debug.c:487:6:ControlTimingDebug_RecordTimerMissed	16	static
