../Core/Src/app/control_timing_debug.c:11:17:ControlTimingDebug_CyclesToUs	24	static
../Core/Src/app/control_timing_debug.c:19:13:ControlTimingDebug_Reset	16	static
../Core/Src/app/control_timing_debug.c:31:13:ControlTimingDebug_SaveEvent	40	static
../Core/Src/app/control_timing_debug.c:83:6:ControlTimingDebug_Init	8	static
../Core/Src/app/control_timing_debug.c:97:10:ControlTimingDebug_ReadCycle	4	static
../Core/Src/app/control_timing_debug.c:103:6:ControlTimingDebug_RecordProcess	32	static
../Core/Src/app/control_timing_debug.c:140:6:ControlTimingDebug_BeginControl	24	static
../Core/Src/app/control_timing_debug.c:185:6:ControlTimingDebug_RecordBreakdown	24	static
../Core/Src/app/control_timing_debug.c:211:6:ControlTimingDebug_RecordSignals	16	static
../Core/Src/app/control_timing_debug.c:228:6:ControlTimingDebug_EndControl	56	static
../Core/Src/app/control_timing_debug.c:319:6:ControlTimingDebug_RecordTimerMissed	16	static
