../Core/Src/app/hexapod_app.c:31:14:HexapodApp_ClampMagnitude	16	static
../Core/Src/app/hexapod_app.c:45:13:HexapodApp_InitializeBringup	16	static
../Core/Src/app/hexapod_app.c:77:13:HexapodApp_UpdateSimulatedRc	56	static
../Core/Src/app/hexapod_app.c:131:27:HexapodApp_LimitUserCommand	48	static
../Core/Src/app/hexapod_app.c:167:13:HexapodApp_LimitDroneCommand	16	static
../Core/Src/app/hexapod_app.c:184:13:HexapodApp_InitializeJointCommand	112	static
../Core/Src/app/hexapod_app.c:207:13:HexapodApp_RecordControllerFault	24	static
../Core/Src/app/hexapod_app.c:238:14:HexapodApp_MoveStartupAngleToZero	24	static
../Core/Src/app/hexapod_app.c:255:13:HexapodApp_PrepareStartupZero	32	static
../Core/Src/app/hexapod_app.c:361:13:HexapodApp_ApplyStartupZero	24	static
../Core/Src/app/hexapod_app.c:395:13:HexapodApp_RearmStartupZero	24	static
../Core/Src/app/hexapod_app.c:414:19:HexapodApp_Init	120	static
../Core/Src/app/hexapod_app.c:545:6:HexapodApp_Process	256	static
../Core/Src/app/hexapod_app.c:619:13:HexapodApp_ProcessTouchdownLatch	64	static
../Core/Src/app/hexapod_app.c:661:13:HexapodApp_RunPressureIfDue	16	static
../Core/Src/app/hexapod_app.c:679:13:HexapodApp_ControlStep	536	static
../Core/Src/app/hexapod_app.c:889:6:HexapodApp_RunControlIfDue	64	static
../Core/Src/app/hexapod_app.c:918:6:HexapodApp_TimerCallback	16	static
../Core/Src/app/hexapod_app.c:943:6:HexapodApp_UartRxCallback	16	static
../Core/Src/app/hexapod_app.c:958:6:HexapodApp_UartErrorCallback	16	static
../Core/Src/app/hexapod_app.c:973:19:HexapodApp_BoardInit	72	static
../Core/Src/app/hexapod_app.c:995:6:HexapodApp_BoardProcess	8	static
../Core/Src/app/hexapod_app.c:1003:6:HexapodApp_BoardTimerCallback	16	static
../Core/Src/app/hexapod_app.c:1009:6:HexapodApp_BoardUartRxCallback	16	static
../Core/Src/app/hexapod_app.c:1015:6:HexapodApp_BoardUartErrorCallback	16	static
