../Core/Src/app/hexapod_app.c:32:14:HexapodApp_ClampMagnitude	16	static
../Core/Src/app/hexapod_app.c:46:13:HexapodApp_InitializeBringup	16	static
../Core/Src/app/hexapod_app.c:78:13:HexapodApp_UpdateSimulatedRc	56	static
../Core/Src/app/hexapod_app.c:132:27:HexapodApp_LimitUserCommand	48	static
../Core/Src/app/hexapod_app.c:168:13:HexapodApp_LimitDroneCommand	16	static
../Core/Src/app/hexapod_app.c:185:13:HexapodApp_InitializeJointCommand	112	static
../Core/Src/app/hexapod_app.c:208:13:HexapodApp_RecordControllerFault	24	static
../Core/Src/app/hexapod_app.c:239:14:HexapodApp_MoveStartupAngleToZero	24	static
../Core/Src/app/hexapod_app.c:256:13:HexapodApp_PrepareStartupZero	32	static
../Core/Src/app/hexapod_app.c:362:13:HexapodApp_ApplyStartupZero	24	static
../Core/Src/app/hexapod_app.c:396:13:HexapodApp_RearmStartupZero	24	static
../Core/Src/app/hexapod_app.c:415:19:HexapodApp_Init	120	static
../Core/Src/app/hexapod_app.c:555:6:HexapodApp_Process	248	static
../Core/Src/app/hexapod_app.c:638:13:HexapodApp_ProcessTouchdownLatch	24	static
../Core/Src/app/hexapod_app.c:670:13:HexapodApp_RunPressureIfDue	16	static
../Core/Src/app/hexapod_app.c:688:13:HexapodApp_ControlStep	568	static
../Core/Src/app/hexapod_app.c:939:6:HexapodApp_RunControlIfDue	64	static
../Core/Src/app/hexapod_app.c:968:6:HexapodApp_TimerCallback	16	static
../Core/Src/app/hexapod_app.c:993:6:HexapodApp_UartRxCallback	16	static
../Core/Src/app/hexapod_app.c:1008:6:HexapodApp_UartErrorCallback	16	static
../Core/Src/app/hexapod_app.c:1024:6:HexapodApp_UartTxCpltCallback	16	static
../Core/Src/app/hexapod_app.c:1036:19:HexapodApp_BoardInit	72	static
../Core/Src/app/hexapod_app.c:1059:6:HexapodApp_BoardProcess	8	static
../Core/Src/app/hexapod_app.c:1067:6:HexapodApp_BoardTimerCallback	16	static
../Core/Src/app/hexapod_app.c:1073:6:HexapodApp_BoardUartRxCallback	16	static
../Core/Src/app/hexapod_app.c:1079:6:HexapodApp_BoardUartErrorCallback	16	static
../Core/Src/app/hexapod_app.c:1085:6:HexapodApp_BoardUartTxCpltCallback	16	static
