../Core/Src/app/hexapod_app.c:30:14:HexapodApp_ClampMagnitude	16	static
../Core/Src/app/hexapod_app.c:44:13:HexapodApp_InitializeBringup	16	static
../Core/Src/app/hexapod_app.c:70:13:HexapodApp_UpdateSimulatedRc	56	static
../Core/Src/app/hexapod_app.c:113:27:HexapodApp_LimitUserCommand	48	static
../Core/Src/app/hexapod_app.c:149:13:HexapodApp_LimitDroneCommand	16	static
../Core/Src/app/hexapod_app.c:166:13:HexapodApp_InitializeJointCommand	112	static
../Core/Src/app/hexapod_app.c:189:19:HexapodApp_Init	120	static
../Core/Src/app/hexapod_app.c:312:6:HexapodApp_Process	240	static
../Core/Src/app/hexapod_app.c:365:13:HexapodApp_ControlStep	504	static
../Core/Src/app/hexapod_app.c:496:6:HexapodApp_RunControlIfDue	16	static
../Core/Src/app/hexapod_app.c:509:6:HexapodApp_TimerCallback	16	static
../Core/Src/app/hexapod_app.c:525:6:HexapodApp_UartRxCallback	16	static
../Core/Src/app/hexapod_app.c:540:6:HexapodApp_UartErrorCallback	16	static
../Core/Src/app/hexapod_app.c:555:19:HexapodApp_BoardInit	72	static
../Core/Src/app/hexapod_app.c:577:6:HexapodApp_BoardProcess	8	static
../Core/Src/app/hexapod_app.c:584:6:HexapodApp_BoardTimerCallback	16	static
../Core/Src/app/hexapod_app.c:590:6:HexapodApp_BoardUartRxCallback	16	static
../Core/Src/app/hexapod_app.c:596:6:HexapodApp_BoardUartErrorCallback	16	static
