../Core/Src/app/hexapod_app.c:31:14:HexapodApp_ClampMagnitude	16	static
../Core/Src/app/hexapod_app.c:45:13:HexapodApp_InitializeBringup	16	static
../Core/Src/app/hexapod_app.c:77:13:HexapodApp_UpdateSimulatedRc	56	static
../Core/Src/app/hexapod_app.c:131:27:HexapodApp_LimitUserCommand	48	static
../Core/Src/app/hexapod_app.c:167:13:HexapodApp_LimitDroneCommand	16	static
../Core/Src/app/hexapod_app.c:184:13:HexapodApp_InitializeJointCommand	112	static
../Core/Src/app/hexapod_app.c:207:13:HexapodApp_RecordControllerFault	24	static
../Core/Src/app/hexapod_app.c:238:14:HexapodApp_MoveStartupAngleToZero	24	static
../Core/Src/app/hexapod_app.c:255:13:HexapodApp_PrepareStartupZero	32	static
../Core/Src/app/hexapod_app.c:361:13:HexapodApp_ApplyStartupZero	24	static
../Core/Src/app/hexapod_app.c:395:13:HexapodApp_RearmStartupZero	24	static
../Core/Src/app/hexapod_app.c:414:19:HexapodApp_Init	120	static
../Core/Src/app/hexapod_app.c:554:6:HexapodApp_Process	248	static
../Core/Src/app/hexapod_app.c:637:13:HexapodApp_ProcessTouchdownLatch	24	static
../Core/Src/app/hexapod_app.c:669:13:HexapodApp_RunPressureIfDue	16	static
../Core/Src/app/hexapod_app.c:687:13:HexapodApp_ControlStep	568	static
../Core/Src/app/hexapod_app.c:938:6:HexapodApp_RunControlIfDue	64	static
../Core/Src/app/hexapod_app.c:967:6:HexapodApp_TimerCallback	16	static
../Core/Src/app/hexapod_app.c:992:6:HexapodApp_UartRxCallback	16	static
../Core/Src/app/hexapod_app.c:1007:6:HexapodApp_UartErrorCallback	16	static
../Core/Src/app/hexapod_app.c:1023:6:HexapodApp_UartTxCpltCallback	16	static
../Core/Src/app/hexapod_app.c:1035:19:HexapodApp_BoardInit	72	static
../Core/Src/app/hexapod_app.c:1058:6:HexapodApp_BoardProcess	8	static
../Core/Src/app/hexapod_app.c:1066:6:HexapodApp_BoardTimerCallback	16	static
../Core/Src/app/hexapod_app.c:1072:6:HexapodApp_BoardUartRxCallback	16	static
../Core/Src/app/hexapod_app.c:1078:6:HexapodApp_BoardUartErrorCallback	16	static
../Core/Src/app/hexapod_app.c:1084:6:HexapodApp_BoardUartTxCpltCallback	16	static
