../Core/Src/app/hexapod_app.c:33:14:HexapodApp_ClampMagnitude	16	static
../Core/Src/app/hexapod_app.c:47:13:HexapodApp_InitializeBringup	16	static
../Core/Src/app/hexapod_app.c:79:13:HexapodApp_UpdateSimulatedRc	56	static
../Core/Src/app/hexapod_app.c:133:27:HexapodApp_LimitUserCommand	48	static
../Core/Src/app/hexapod_app.c:170:13:HexapodApp_CancelRlCandidate	16	static
../Core/Src/app/hexapod_app.c:178:13:HexapodApp_AllFeetContact	24	static
../Core/Src/app/hexapod_app.c:193:13:HexapodApp_RlDrainComplete	16	static
../Core/Src/app/hexapod_app.c:207:13:HexapodApp_SelectRlMode	152	static
../Core/Src/app/hexapod_app.c:322:13:HexapodApp_ApplyRlAction	136	static
../Core/Src/app/hexapod_app.c:390:13:HexapodApp_CaptureRlObservation	320	static
../Core/Src/app/hexapod_app.c:423:6:HexapodApp_GetRlObservation	16	static
../Core/Src/app/hexapod_app.c:439:29:HexapodApp_SubmitRlAction	24	static
../Core/Src/app/hexapod_app.c:450:13:HexapodApp_LimitDroneCommand	16	static
../Core/Src/app/hexapod_app.c:467:13:HexapodApp_InitializeJointCommand	112	static
../Core/Src/app/hexapod_app.c:490:13:HexapodApp_RecordControllerFault	24	static
../Core/Src/app/hexapod_app.c:521:14:HexapodApp_MoveStartupAngleToZero	24	static
../Core/Src/app/hexapod_app.c:538:13:HexapodApp_PrepareStartupZero	32	static
../Core/Src/app/hexapod_app.c:644:13:HexapodApp_ApplyStartupZero	24	static
../Core/Src/app/hexapod_app.c:678:13:HexapodApp_RearmStartupZero	24	static
../Core/Src/app/hexapod_app.c:697:19:HexapodApp_Init	120	static
../Core/Src/app/hexapod_app.c:838:6:HexapodApp_Process	248	static
../Core/Src/app/hexapod_app.c:921:13:HexapodApp_ProcessTouchdownLatch	24	static
../Core/Src/app/hexapod_app.c:953:13:HexapodApp_RunPressureIfDue	16	static
../Core/Src/app/hexapod_app.c:971:13:HexapodApp_ControlStep	568	static
../Core/Src/app/hexapod_app.c:1265:6:HexapodApp_RunControlIfDue	64	static
../Core/Src/app/hexapod_app.c:1294:6:HexapodApp_TimerCallback	16	static
../Core/Src/app/hexapod_app.c:1319:6:HexapodApp_UartRxCallback	16	static
../Core/Src/app/hexapod_app.c:1334:6:HexapodApp_UartErrorCallback	16	static
../Core/Src/app/hexapod_app.c:1350:6:HexapodApp_UartTxCpltCallback	16	static
../Core/Src/app/hexapod_app.c:1362:19:HexapodApp_BoardInit	72	static
../Core/Src/app/hexapod_app.c:1385:6:HexapodApp_BoardProcess	8	static
../Core/Src/app/hexapod_app.c:1393:6:HexapodApp_BoardTimerCallback	16	static
../Core/Src/app/hexapod_app.c:1399:6:HexapodApp_BoardUartRxCallback	16	static
../Core/Src/app/hexapod_app.c:1405:6:HexapodApp_BoardUartErrorCallback	16	static
../Core/Src/app/hexapod_app.c:1411:6:HexapodApp_BoardUartTxCpltCallback	16	static
