../Core/Src/app/hexapod_app.c:30:14:HexapodApp_ClampMagnitude	16	static
../Core/Src/app/hexapod_app.c:44:13:HexapodApp_InitializeBringup	16	static
../Core/Src/app/hexapod_app.c:76:13:HexapodApp_UpdateSimulatedRc	56	static
../Core/Src/app/hexapod_app.c:130:27:HexapodApp_LimitUserCommand	48	static
../Core/Src/app/hexapod_app.c:166:13:HexapodApp_LimitDroneCommand	16	static
../Core/Src/app/hexapod_app.c:183:13:HexapodApp_InitializeJointCommand	112	static
../Core/Src/app/hexapod_app.c:206:13:HexapodApp_RecordControllerFault	24	static
../Core/Src/app/hexapod_app.c:237:14:HexapodApp_MoveStartupAngleToZero	24	static
../Core/Src/app/hexapod_app.c:254:13:HexapodApp_PrepareStartupZero	32	static
../Core/Src/app/hexapod_app.c:360:13:HexapodApp_ApplyStartupZero	24	static
../Core/Src/app/hexapod_app.c:394:13:HexapodApp_RearmStartupZero	24	static
../Core/Src/app/hexapod_app.c:413:19:HexapodApp_Init	120	static
../Core/Src/app/hexapod_app.c:544:6:HexapodApp_Process	256	static
../Core/Src/app/hexapod_app.c:618:13:HexapodApp_ProcessTouchdownLatch	64	static
../Core/Src/app/hexapod_app.c:660:13:HexapodApp_RunPressureIfDue	16	static
../Core/Src/app/hexapod_app.c:678:13:HexapodApp_ControlStep	536	static
../Core/Src/app/hexapod_app.c:888:6:HexapodApp_RunControlIfDue	64	static
../Core/Src/app/hexapod_app.c:917:6:HexapodApp_TimerCallback	16	static
../Core/Src/app/hexapod_app.c:942:6:HexapodApp_UartRxCallback	16	static
../Core/Src/app/hexapod_app.c:957:6:HexapodApp_UartErrorCallback	16	static
../Core/Src/app/hexapod_app.c:972:19:HexapodApp_BoardInit	72	static
../Core/Src/app/hexapod_app.c:994:6:HexapodApp_BoardProcess	8	static
../Core/Src/app/hexapod_app.c:1002:6:HexapodApp_BoardTimerCallback	16	static
../Core/Src/app/hexapod_app.c:1008:6:HexapodApp_BoardUartRxCallback	16	static
../Core/Src/app/hexapod_app.c:1014:6:HexapodApp_BoardUartErrorCallback	16	static
