../Core/Src/app/hexapod_app.c:30:14:HexapodApp_ClampMagnitude	16	static
../Core/Src/app/hexapod_app.c:44:13:HexapodApp_InitializeBringup	16	static
../Core/Src/app/hexapod_app.c:76:13:HexapodApp_UpdateSimulatedRc	56	static
../Core/Src/app/hexapod_app.c:130:27:HexapodApp_LimitUserCommand	48	static
../Core/Src/app/hexapod_app.c:166:13:HexapodApp_LimitDroneCommand	16	static
../Core/Src/app/hexapod_app.c:183:13:HexapodApp_InitializeJointCommand	112	static
../Core/Src/app/hexapod_app.c:206:19:HexapodApp_Init	120	static
../Core/Src/app/hexapod_app.c:329:6:HexapodApp_Process	240	static
../Core/Src/app/hexapod_app.c:382:13:HexapodApp_ControlStep	504	static
../Core/Src/app/hexapod_app.c:526:6:HexapodApp_RunControlIfDue	16	static
../Core/Src/app/hexapod_app.c:539:6:HexapodApp_TimerCallback	16	static
../Core/Src/app/hexapod_app.c:555:6:HexapodApp_UartRxCallback	16	static
../Core/Src/app/hexapod_app.c:570:6:HexapodApp_UartErrorCallback	16	static
../Core/Src/app/hexapod_app.c:585:19:HexapodApp_BoardInit	72	static
../Core/Src/app/hexapod_app.c:607:6:HexapodApp_BoardProcess	8	static
../Core/Src/app/hexapod_app.c:614:6:HexapodApp_BoardTimerCallback	16	static
../Core/Src/app/hexapod_app.c:620:6:HexapodApp_BoardUartRxCallback	16	static
../Core/Src/app/hexapod_app.c:626:6:HexapodApp_BoardUartErrorCallback	16	static
