../Core/Src/app/hexapod_app.c:25:14:HexapodApp_ClampMagnitude	16	static
../Core/Src/app/hexapod_app.c:39:13:HexapodApp_InitializeBringup	16	static
../Core/Src/app/hexapod_app.c:56:27:HexapodApp_LimitUserCommand	48	static
../Core/Src/app/hexapod_app.c:92:13:HexapodApp_LimitDroneCommand	16	static
../Core/Src/app/hexapod_app.c:109:13:HexapodApp_InitializeJointCommand	112	static
../Core/Src/app/hexapod_app.c:132:19:HexapodApp_Init	120	static
../Core/Src/app/hexapod_app.c:255:6:HexapodApp_Process	240	static
../Core/Src/app/hexapod_app.c:307:13:HexapodApp_ControlStep	504	static
../Core/Src/app/hexapod_app.c:438:6:HexapodApp_RunControlIfDue	16	static
../Core/Src/app/hexapod_app.c:451:6:HexapodApp_TimerCallback	16	static
../Core/Src/app/hexapod_app.c:467:6:HexapodApp_UartRxCallback	16	static
../Core/Src/app/hexapod_app.c:482:6:HexapodApp_UartErrorCallback	16	static
../Core/Src/app/hexapod_app.c:497:19:HexapodApp_BoardInit	72	static
../Core/Src/app/hexapod_app.c:519:6:HexapodApp_BoardProcess	8	static
../Core/Src/app/hexapod_app.c:526:6:HexapodApp_BoardTimerCallback	16	static
../Core/Src/app/hexapod_app.c:532:6:HexapodApp_BoardUartRxCallback	16	static
../Core/Src/app/hexapod_app.c:538:6:HexapodApp_BoardUartErrorCallback	16	static
