../Core/Src/app/hexapod_app.c:34:14:HexapodApp_ClampMagnitude	16	static
../Core/Src/app/hexapod_app.c:48:13:HexapodApp_InitializeBringup	16	static
../Core/Src/app/hexapod_app.c:80:13:HexapodApp_UpdateSimulatedRc	56	static
../Core/Src/app/hexapod_app.c:134:27:HexapodApp_LimitUserCommand	48	static
../Core/Src/app/hexapod_app.c:171:13:HexapodApp_CancelRlCandidate	16	static
../Core/Src/app/hexapod_app.c:179:13:HexapodApp_AllFeetContact	24	static
../Core/Src/app/hexapod_app.c:194:13:HexapodApp_RlDrainComplete	16	static
../Core/Src/app/hexapod_app.c:208:13:HexapodApp_SelectRlMode	152	static
../Core/Src/app/hexapod_app.c:323:13:HexapodApp_ApplyRlAction	336	static
../Core/Src/app/hexapod_app.c:423:13:HexapodApp_CaptureRlObservation	392	static
../Core/Src/app/hexapod_app.c:456:6:HexapodApp_GetRlObservation	16	static
../Core/Src/app/hexapod_app.c:472:29:HexapodApp_SubmitRlAction	24	static
../Core/Src/app/hexapod_app.c:483:13:HexapodApp_LimitDroneCommand	16	static
../Core/Src/app/hexapod_app.c:500:13:HexapodApp_InitializeJointCommand	112	static
../Core/Src/app/hexapod_app.c:523:13:HexapodApp_RecordControllerFault	24	static
../Core/Src/app/hexapod_app.c:554:14:HexapodApp_MoveStartupAngleToZero	24	static
../Core/Src/app/hexapod_app.c:571:13:HexapodApp_PrepareStartupZero	32	static
../Core/Src/app/hexapod_app.c:677:13:HexapodApp_ApplyStartupZero	24	static
../Core/Src/app/hexapod_app.c:711:13:HexapodApp_RearmStartupZero	24	static
../Core/Src/app/hexapod_app.c:730:19:HexapodApp_Init	120	static
../Core/Src/app/hexapod_app.c:871:6:HexapodApp_Process	448	static
../Core/Src/app/hexapod_app.c:958:13:HexapodApp_ProcessTouchdownLatch	24	static
../Core/Src/app/hexapod_app.c:990:13:HexapodApp_RunPressureIfDue	16	static
../Core/Src/app/hexapod_app.c:1008:13:HexapodApp_ControlStep	568	static
../Core/Src/app/hexapod_app.c:1314:6:HexapodApp_RunControlIfDue	64	static
../Core/Src/app/hexapod_app.c:1343:6:HexapodApp_TimerCallback	16	static
../Core/Src/app/hexapod_app.c:1368:6:HexapodApp_UartRxCallback	16	static
../Core/Src/app/hexapod_app.c:1383:6:HexapodApp_UartErrorCallback	16	static
../Core/Src/app/hexapod_app.c:1399:6:HexapodApp_UartTxCpltCallback	16	static
../Core/Src/app/hexapod_app.c:1411:19:HexapodApp_BoardInit	72	static
../Core/Src/app/hexapod_app.c:1434:6:HexapodApp_BoardProcess	8	static
../Core/Src/app/hexapod_app.c:1442:6:HexapodApp_BoardTimerCallback	16	static
../Core/Src/app/hexapod_app.c:1448:6:HexapodApp_BoardUartRxCallback	16	static
../Core/Src/app/hexapod_app.c:1454:6:HexapodApp_BoardUartErrorCallback	16	static
../Core/Src/app/hexapod_app.c:1460:6:HexapodApp_BoardUartTxCpltCallback	16	static
../Core/Src/app/hexapod_app.c:1465:29:HexapodApp_SubmitAdaptiveExecution	24	static
../Core/Src/app/hexapod_app.c:1472:13:HexapodApp_PrepareAdaptiveSpi	728	static
