../Core/Src/app/hexapod_app.c:30:14:HexapodApp_ClampMagnitude	16	static
../Core/Src/app/hexapod_app.c:44:13:HexapodApp_InitializeBringup	16	static
../Core/Src/app/hexapod_app.c:76:13:HexapodApp_UpdateSimulatedRc	56	static
../Core/Src/app/hexapod_app.c:130:27:HexapodApp_LimitUserCommand	48	static
../Core/Src/app/hexapod_app.c:166:13:HexapodApp_LimitDroneCommand	16	static
../Core/Src/app/hexapod_app.c:183:13:HexapodApp_InitializeJointCommand	112	static
../Core/Src/app/hexapod_app.c:206:19:HexapodApp_Init	120	static
../Core/Src/app/hexapod_app.c:330:6:HexapodApp_Process	256	static
../Core/Src/app/hexapod_app.c:403:13:HexapodApp_ControlStep	520	static
../Core/Src/app/hexapod_app.c:559:6:HexapodApp_RunControlIfDue	64	static
../Core/Src/app/hexapod_app.c:588:6:HexapodApp_TimerCallback	16	static
../Core/Src/app/hexapod_app.c:605:6:HexapodApp_UartRxCallback	16	static
../Core/Src/app/hexapod_app.c:620:6:HexapodApp_UartErrorCallback	16	static
../Core/Src/app/hexapod_app.c:635:19:HexapodApp_BoardInit	72	static
../Core/Src/app/hexapod_app.c:657:6:HexapodApp_BoardProcess	8	static
../Core/Src/app/hexapod_app.c:664:6:HexapodApp_BoardTimerCallback	16	static
../Core/Src/app/hexapod_app.c:670:6:HexapodApp_BoardUartRxCallback	16	static
../Core/Src/app/hexapod_app.c:676:6:HexapodApp_BoardUartErrorCallback	16	static
