../Core/Src/main.c:101:5:main	3
../Core/Src/main.c:184:6:SystemClock_Config	3
../Core/Src/main.c:232:13:MX_SPI1_Init	2
../Core/Src/main.c:270:13:MX_SPI2_Init	2
../Core/Src/main.c:307:13:MX_TIM1_Init	10
../Core/Src/main.c:394:13:MX_TIM2_Init	8
../Core/Src/main.c:461:13:MX_TIM3_Init	9
../Core/Src/main.c:532:13:MX_TIM4_Init	9
../Core/Src/main.c:603:13:MX_TIM5_Init	7
../Core/Src/main.c:666:13:MX_TIM6_Init	3
../Core/Src/main.c:704:13:MX_TIM8_Init	5
../Core/Src/main.c:769:13:MX_UART5_Init	2
../Core/Src/main.c:802:13:MX_USART2_UART_Init	2
../Core/Src/main.c:835:13:MX_USART3_UART_Init	2
../Core/Src/main.c:868:13:MX_USART6_UART_Init	2
../Core/Src/main.c:901:13:MX_GPIO_Init	1
../Core/Src/main.c:941:6:HAL_UART_RxCpltCallback	1
../Core/Src/main.c:947:6:HAL_UART_ErrorCallback	1
../Core/Src/main.c:959:6:Error_Handler	1
