../Core/Src/main.c:93:5:main	24	static
../Core/Src/main.c:160:6:SystemClock_Config	88	static
../Core/Src/main.c:208:13:MX_SPI1_Init	8	static
../Core/Src/main.c:246:13:MX_SPI2_Init	8	static
../Core/Src/main.c:283:13:MX_TIM1_Init	96	static
../Core/Src/main.c:370:13:MX_TIM2_Init	64	static
../Core/Src/main.c:437:13:MX_TIM3_Init	64	static
../Core/Src/main.c:508:13:MX_TIM4_Init	64	static
../Core/Src/main.c:579:13:MX_TIM5_Init	64	static
../Core/Src/main.c:642:13:MX_TIM6_Init	16	static
../Core/Src/main.c:680:13:MX_TIM8_Init	80	static
../Core/Src/main.c:745:13:MX_UART5_Init	8	static
../Core/Src/main.c:778:13:MX_USART2_UART_Init	8	static
../Core/Src/main.c:811:13:MX_USART3_UART_Init	8	static
../Core/Src/main.c:844:13:MX_USART6_UART_Init	8	static
../Core/Src/main.c:877:13:MX_GPIO_Init	48	static
../Core/Src/main.c:934:6:Error_Handler	4	static,ignoring_inline_asm
