../Core/Src/main.c:120:5:main	16	static
../Core/Src/main.c:285:6:SystemClock_Config	88	static
../Core/Src/main.c:333:13:MX_SPI1_Init	8	static
../Core/Src/main.c:371:13:MX_SPI2_Init	8	static
../Core/Src/main.c:408:13:MX_TIM1_Init	96	static
../Core/Src/main.c:495:13:MX_TIM2_Init	64	static
../Core/Src/main.c:562:13:MX_TIM3_Init	64	static
../Core/Src/main.c:633:13:MX_TIM4_Init	64	static
../Core/Src/main.c:704:13:MX_TIM5_Init	64	static
../Core/Src/main.c:767:13:MX_TIM6_Init	16	static
../Core/Src/main.c:805:13:MX_TIM8_Init	80	static
../Core/Src/main.c:870:13:MX_UART5_Init	8	static
../Core/Src/main.c:903:13:MX_USART2_UART_Init	8	static
../Core/Src/main.c:936:13:MX_USART3_UART_Init	8	static
../Core/Src/main.c:969:13:MX_USART6_UART_Init	8	static
../Core/Src/main.c:1002:13:MX_GPIO_Init	48	static
../Core/Src/main.c:1052:6:HAL_UART_RxCpltCallback	16	static
../Core/Src/main.c:1059:6:HAL_UART_ErrorCallback	16	static
../Core/Src/main.c:1072:6:Error_Handler	4	static,ignoring_inline_asm
