../Core/Src/main.c:101:5:main	8	static
../Core/Src/main.c:184:6:SystemClock_Config	88	static
../Core/Src/main.c:232:13:MX_SPI1_Init	8	static
../Core/Src/main.c:270:13:MX_SPI2_Init	8	static
../Core/Src/main.c:307:13:MX_TIM1_Init	96	static
../Core/Src/main.c:394:13:MX_TIM2_Init	64	static
../Core/Src/main.c:461:13:MX_TIM3_Init	64	static
../Core/Src/main.c:532:13:MX_TIM4_Init	64	static
../Core/Src/main.c:603:13:MX_TIM5_Init	64	static
../Core/Src/main.c:666:13:MX_TIM6_Init	16	static
../Core/Src/main.c:704:13:MX_TIM8_Init	80	static
../Core/Src/main.c:769:13:MX_UART5_Init	8	static
../Core/Src/main.c:802:13:MX_USART2_UART_Init	8	static
../Core/Src/main.c:835:13:MX_USART3_UART_Init	8	static
../Core/Src/main.c:868:13:MX_USART6_UART_Init	8	static
../Core/Src/main.c:901:13:MX_GPIO_Init	48	static
../Core/Src/main.c:941:6:HAL_UART_RxCpltCallback	16	static
../Core/Src/main.c:947:6:HAL_UART_ErrorCallback	16	static
../Core/Src/main.c:959:6:Error_Handler	4	static,ignoring_inline_asm
