../Core/Src/main.c:106:5:main	8	static
../Core/Src/main.c:182:6:SystemClock_Config	88	static
../Core/Src/main.c:230:13:MX_SPI1_Init	8	static
../Core/Src/main.c:268:13:MX_SPI2_Init	8	static
../Core/Src/main.c:305:13:MX_TIM1_Init	96	static
../Core/Src/main.c:392:13:MX_TIM2_Init	64	static
../Core/Src/main.c:459:13:MX_TIM3_Init	64	static
../Core/Src/main.c:530:13:MX_TIM4_Init	64	static
../Core/Src/main.c:601:13:MX_TIM5_Init	64	static
../Core/Src/main.c:664:13:MX_TIM6_Init	16	static
../Core/Src/main.c:702:13:MX_TIM8_Init	80	static
../Core/Src/main.c:767:13:MX_UART5_Init	8	static
../Core/Src/main.c:800:13:MX_USART2_UART_Init	8	static
../Core/Src/main.c:833:13:MX_USART3_UART_Init	8	static
../Core/Src/main.c:866:13:MX_USART6_UART_Init	8	static
../Core/Src/main.c:899:13:MX_GPIO_Init	48	static
../Core/Src/main.c:956:6:Error_Handler	4	static,ignoring_inline_asm
