../Core/Src/main.c:100:5:main	8	static
../Core/Src/main.c:180:6:SystemClock_Config	88	static
../Core/Src/main.c:228:13:MX_SPI1_Init	8	static
../Core/Src/main.c:266:13:MX_SPI2_Init	8	static
../Core/Src/main.c:303:13:MX_TIM1_Init	96	static
../Core/Src/main.c:390:13:MX_TIM2_Init	64	static
../Core/Src/main.c:457:13:MX_TIM3_Init	64	static
../Core/Src/main.c:528:13:MX_TIM4_Init	64	static
../Core/Src/main.c:599:13:MX_TIM5_Init	64	static
../Core/Src/main.c:662:13:MX_TIM6_Init	16	static
../Core/Src/main.c:700:13:MX_TIM8_Init	80	static
../Core/Src/main.c:765:13:MX_UART5_Init	8	static
../Core/Src/main.c:798:13:MX_USART2_UART_Init	8	static
../Core/Src/main.c:831:13:MX_USART3_UART_Init	8	static
../Core/Src/main.c:864:13:MX_USART6_UART_Init	8	static
../Core/Src/main.c:897:13:MX_GPIO_Init	48	static
../Core/Src/main.c:937:6:HAL_UART_RxCpltCallback	16	static
../Core/Src/main.c:943:6:HAL_UART_ErrorCallback	16	static
../Core/Src/main.c:955:6:Error_Handler	4	static,ignoring_inline_asm
