../Core/Src/main.c:122:5:main	24	static
../Core/Src/main.c:205:6:SystemClock_Config	88	static
../Core/Src/main.c:253:13:MX_SPI1_Init	8	static
../Core/Src/main.c:291:13:MX_SPI2_Init	8	static
../Core/Src/main.c:328:13:MX_TIM1_Init	96	static
../Core/Src/main.c:415:13:MX_TIM2_Init	64	static
../Core/Src/main.c:482:13:MX_TIM3_Init	64	static
../Core/Src/main.c:553:13:MX_TIM4_Init	64	static
../Core/Src/main.c:624:13:MX_TIM5_Init	64	static
../Core/Src/main.c:687:13:MX_TIM6_Init	16	static
../Core/Src/main.c:725:13:MX_TIM8_Init	80	static
../Core/Src/main.c:790:13:MX_UART5_Init	8	static
../Core/Src/main.c:823:13:MX_USART2_UART_Init	8	static
../Core/Src/main.c:856:13:MX_USART3_UART_Init	8	static
../Core/Src/main.c:889:13:MX_USART6_UART_Init	8	static
../Core/Src/main.c:922:13:MX_GPIO_Init	48	static
../Core/Src/main.c:963:6:HAL_UART_RxCpltCallback	16	static
../Core/Src/main.c:968:6:HAL_TIM_PeriodElapsedCallback	16	static
../Core/Src/main.c:982:6:Error_Handler	4	static,ignoring_inline_asm
