../Core/Src/main.c:104:5:main	8	static
../Core/Src/main.c:205:13:MX_DMA_Init	16	static
../Core/Src/main.c:219:6:SystemClock_Config	88	static
../Core/Src/main.c:267:13:MX_SPI1_Init	8	static
../Core/Src/main.c:305:13:MX_SPI2_Init	8	static
../Core/Src/main.c:342:13:MX_TIM1_Init	96	static
../Core/Src/main.c:429:13:MX_TIM2_Init	64	static
../Core/Src/main.c:496:13:MX_TIM3_Init	64	static
../Core/Src/main.c:567:13:MX_TIM4_Init	64	static
../Core/Src/main.c:638:13:MX_TIM5_Init	64	static
../Core/Src/main.c:701:13:MX_TIM6_Init	16	static
../Core/Src/main.c:739:13:MX_TIM8_Init	80	static
../Core/Src/main.c:804:13:MX_UART5_Init	8	static
../Core/Src/main.c:837:13:MX_USART2_UART_Init	8	static
../Core/Src/main.c:870:13:MX_USART3_UART_Init	8	static
../Core/Src/main.c:903:13:MX_USART6_UART_Init	8	static
../Core/Src/main.c:936:13:MX_GPIO_Init	48	static
../Core/Src/main.c:988:6:HAL_UART_RxCpltCallback	16	static
../Core/Src/main.c:998:6:HAL_UART_ErrorCallback	16	static
../Core/Src/main.c:1008:6:HAL_UART_TxCpltCallback	16	static
../Core/Src/main.c:1018:6:HAL_TIM_PeriodElapsedCallback	16	static
../Core/Src/main.c:1033:6:Error_Handler	4	static,ignoring_inline_asm
