../Core/Src/main.c:104:5:main	8	static
../Core/Src/main.c:207:6:SystemClock_Config	88	static
../Core/Src/main.c:255:13:MX_SPI1_Init	8	static
../Core/Src/main.c:293:13:MX_SPI2_Init	8	static
../Core/Src/main.c:330:13:MX_TIM1_Init	96	static
../Core/Src/main.c:417:13:MX_TIM2_Init	64	static
../Core/Src/main.c:484:13:MX_TIM3_Init	64	static
../Core/Src/main.c:555:13:MX_TIM4_Init	64	static
../Core/Src/main.c:626:13:MX_TIM5_Init	64	static
../Core/Src/main.c:689:13:MX_TIM6_Init	16	static
../Core/Src/main.c:727:13:MX_TIM8_Init	80	static
../Core/Src/main.c:792:13:MX_UART5_Init	8	static
../Core/Src/main.c:825:13:MX_USART2_UART_Init	8	static
../Core/Src/main.c:858:13:MX_USART3_UART_Init	8	static
../Core/Src/main.c:891:13:MX_USART6_UART_Init	8	static
../Core/Src/main.c:922:13:MX_DMA_Init	16	static
../Core/Src/main.c:943:13:MX_GPIO_Init	48	static
../Core/Src/main.c:995:6:HAL_UART_RxCpltCallback	16	static
../Core/Src/main.c:1005:6:HAL_UART_ErrorCallback	16	static
../Core/Src/main.c:1015:6:HAL_UART_TxCpltCallback	16	static
../Core/Src/main.c:1025:6:HAL_TIM_PeriodElapsedCallback	16	static
../Core/Src/main.c:1040:6:Error_Handler	4	static,ignoring_inline_asm
