../Core/Src/main.c:100:5:main	8	static
../Core/Src/main.c:175:13:MX_DMA_Init	16	static
../Core/Src/main.c:189:6:SystemClock_Config	88	static
../Core/Src/main.c:237:13:MX_SPI1_Init	8	static
../Core/Src/main.c:275:13:MX_SPI2_Init	8	static
../Core/Src/main.c:312:13:MX_TIM1_Init	96	static
../Core/Src/main.c:399:13:MX_TIM2_Init	64	static
../Core/Src/main.c:466:13:MX_TIM3_Init	64	static
../Core/Src/main.c:537:13:MX_TIM4_Init	64	static
../Core/Src/main.c:608:13:MX_TIM5_Init	64	static
../Core/Src/main.c:671:13:MX_TIM6_Init	16	static
../Core/Src/main.c:709:13:MX_TIM8_Init	80	static
../Core/Src/main.c:774:13:MX_UART5_Init	8	static
../Core/Src/main.c:807:13:MX_USART2_UART_Init	8	static
../Core/Src/main.c:840:13:MX_USART3_UART_Init	8	static
../Core/Src/main.c:873:13:MX_USART6_UART_Init	8	static
../Core/Src/main.c:906:13:MX_GPIO_Init	48	static
../Core/Src/main.c:958:6:HAL_UART_RxCpltCallback	16	static
../Core/Src/main.c:964:6:HAL_UART_ErrorCallback	16	static
../Core/Src/main.c:970:6:HAL_UART_TxCpltCallback	16	static
../Core/Src/main.c:976:6:HAL_TIM_PeriodElapsedCallback	16	static
../Core/Src/main.c:987:6:Error_Handler	4	static,ignoring_inline_asm
