../Core/Src/main.c:106:5:main	8	static
../Core/Src/main.c:216:6:SystemClock_Config	88	static
../Core/Src/main.c:264:13:MX_SPI1_Init	8	static
../Core/Src/main.c:302:13:MX_SPI2_Init	8	static
../Core/Src/main.c:339:13:MX_TIM1_Init	96	static
../Core/Src/main.c:426:13:MX_TIM2_Init	64	static
../Core/Src/main.c:493:13:MX_TIM3_Init	64	static
../Core/Src/main.c:564:13:MX_TIM4_Init	64	static
../Core/Src/main.c:635:13:MX_TIM5_Init	64	static
../Core/Src/main.c:698:13:MX_TIM6_Init	16	static
../Core/Src/main.c:736:13:MX_TIM8_Init	80	static
../Core/Src/main.c:801:13:MX_UART5_Init	8	static
../Core/Src/main.c:834:13:MX_USART2_UART_Init	8	static
../Core/Src/main.c:867:13:MX_USART3_UART_Init	8	static
../Core/Src/main.c:900:13:MX_USART6_UART_Init	8	static
../Core/Src/main.c:931:13:MX_DMA_Init	16	static
../Core/Src/main.c:952:13:MX_GPIO_Init	48	static
../Core/Src/main.c:1004:6:HAL_UART_RxCpltCallback	16	static
../Core/Src/main.c:1016:6:HAL_UART_ErrorCallback	16	static
../Core/Src/main.c:1028:6:HAL_UART_TxCpltCallback	16	static
../Core/Src/main.c:1039:6:HAL_TIM_PeriodElapsedCallback	16	static
../Core/Src/main.c:1055:6:Error_Handler	4	static,ignoring_inline_asm
