../Core/Src/main.c:101:5:main	8	static
../Core/Src/main.c:203:6:SystemClock_Config	88	static
../Core/Src/main.c:251:13:MX_SPI1_Init	8	static
../Core/Src/main.c:289:13:MX_SPI2_Init	8	static
../Core/Src/main.c:326:13:MX_TIM1_Init	96	static
../Core/Src/main.c:413:13:MX_TIM2_Init	64	static
../Core/Src/main.c:480:13:MX_TIM3_Init	64	static
../Core/Src/main.c:551:13:MX_TIM4_Init	64	static
../Core/Src/main.c:622:13:MX_TIM5_Init	64	static
../Core/Src/main.c:685:13:MX_TIM6_Init	16	static
../Core/Src/main.c:723:13:MX_TIM8_Init	80	static
../Core/Src/main.c:788:13:MX_UART5_Init	8	static
../Core/Src/main.c:821:13:MX_USART2_UART_Init	8	static
../Core/Src/main.c:854:13:MX_USART3_UART_Init	8	static
../Core/Src/main.c:887:13:MX_USART6_UART_Init	8	static
../Core/Src/main.c:920:13:MX_GPIO_Init	48	static
../Core/Src/main.c:972:6:HAL_UART_RxCpltCallback	16	static
../Core/Src/main.c:982:6:HAL_UART_ErrorCallback	16	static
../Core/Src/main.c:992:6:HAL_UART_TxCpltCallback	16	static
../Core/Src/main.c:1002:6:HAL_TIM_PeriodElapsedCallback	16	static
../Core/Src/main.c:1017:6:Error_Handler	4	static,ignoring_inline_asm
