../Core/Src/main.c:97:5:main	8	static
../Core/Src/main.c:172:6:SystemClock_Config	88	static
../Core/Src/main.c:220:13:MX_SPI1_Init	8	static
../Core/Src/main.c:258:13:MX_SPI2_Init	8	static
../Core/Src/main.c:295:13:MX_TIM1_Init	96	static
../Core/Src/main.c:382:13:MX_TIM2_Init	64	static
../Core/Src/main.c:449:13:MX_TIM3_Init	64	static
../Core/Src/main.c:520:13:MX_TIM4_Init	64	static
../Core/Src/main.c:591:13:MX_TIM5_Init	64	static
../Core/Src/main.c:654:13:MX_TIM6_Init	16	static
../Core/Src/main.c:692:13:MX_TIM8_Init	80	static
../Core/Src/main.c:757:13:MX_UART5_Init	8	static
../Core/Src/main.c:790:13:MX_USART2_UART_Init	8	static
../Core/Src/main.c:823:13:MX_USART3_UART_Init	8	static
../Core/Src/main.c:856:13:MX_USART6_UART_Init	8	static
../Core/Src/main.c:889:13:MX_GPIO_Init	48	static
../Core/Src/main.c:941:6:HAL_UART_RxCpltCallback	16	static
../Core/Src/main.c:947:6:HAL_UART_ErrorCallback	16	static
../Core/Src/main.c:953:6:HAL_TIM_PeriodElapsedCallback	16	static
../Core/Src/main.c:964:6:Error_Handler	4	static,ignoring_inline_asm
