../Core/Src/main.c:93:5:main	8	static
../Core/Src/main.c:154:6:SystemClock_Config	88	static
../Core/Src/main.c:202:13:MX_SPI1_Init	8	static
../Core/Src/main.c:240:13:MX_SPI2_Init	8	static
../Core/Src/main.c:277:13:MX_TIM1_Init	96	static
../Core/Src/main.c:364:13:MX_TIM2_Init	64	static
../Core/Src/main.c:431:13:MX_TIM3_Init	64	static
../Core/Src/main.c:502:13:MX_TIM4_Init	64	static
../Core/Src/main.c:573:13:MX_TIM5_Init	64	static
../Core/Src/main.c:636:13:MX_TIM6_Init	16	static
../Core/Src/main.c:674:13:MX_TIM8_Init	80	static
../Core/Src/main.c:739:13:MX_UART5_Init	8	static
../Core/Src/main.c:772:13:MX_USART2_UART_Init	8	static
../Core/Src/main.c:805:13:MX_USART3_UART_Init	8	static
../Core/Src/main.c:838:13:MX_USART6_UART_Init	8	static
../Core/Src/main.c:871:13:MX_GPIO_Init	48	static
../Core/Src/main.c:928:6:Error_Handler	4	static,ignoring_inline_asm
