../Core/Src/high_control/workspace_limiter.c:28:20:WorkspaceLimiter_RotateInverse	120	static
../Core/Src/high_control/workspace_limiter.c:55:13:WorkspaceLimiter_TwistEqual	16	static
../Core/Src/high_control/workspace_limiter.c:65:13:WorkspaceLimiter_TwistNearby	16	static
../Core/Src/high_control/workspace_limiter.c:75:25:WorkspaceLimiter_ScaleTwist	64	static
../Core/Src/high_control/workspace_limiter.c:88:25:WorkspaceLimiter_ComposeYaw	72	static
../Core/Src/high_control/workspace_limiter.c:100:13:WorkspaceLimiter_StartPreview	40	static
../Core/Src/high_control/workspace_limiter.c:128:13:WorkspaceLimiter_PreviewPoint	232	static
../Core/Src/high_control/workspace_limiter.c:241:6:WorkspaceLimiter_Init	16	static
../Core/Src/high_control/workspace_limiter.c:251:6:WorkspaceLimiter_SetRlEnabled	16	static
../Core/Src/high_control/workspace_limiter.c:270:6:WorkspaceLimiter_GetRlPlan	16	static
../Core/Src/high_control/workspace_limiter.c:283:6:WorkspaceLimiter_CancelRlAction	16	static
../Core/Src/high_control/workspace_limiter.c:297:6:WorkspaceLimiter_SubmitRlResidual	32	static
../Core/Src/high_control/workspace_limiter.c:351:25:WorkspaceLimiter_RlGait	88	static
../Core/Src/high_control/workspace_limiter.c:406:6:WorkspaceLimiter_SetFeet	24	static
../Core/Src/high_control/workspace_limiter.c:420:6:WorkspaceLimiter_AllFeetValid	32	static
../Core/Src/high_control/workspace_limiter.c:444:18:WorkspaceLimiter_Gait	128	static
