../Core/Src/communication/jetson_spi.c:16:17:JetsonSpi_ReadU16Le	16	static
../Core/Src/communication/jetson_spi.c:22:13:JetsonSpi_WriteU16Le	16	static
../Core/Src/communication/jetson_spi.c:28:13:JetsonSpi_WriteI16Le	16	static
../Core/Src/communication/jetson_spi.c:33:16:JetsonSpi_RoundFloat	16	static
../Core/Src/communication/jetson_spi.c:43:16:JetsonSpi_EncodeJoint	24	static
../Core/Src/communication/jetson_spi.c:73:16:JetsonSpi_EncodeImu	24	static
../Core/Src/communication/jetson_spi.c:89:13:JetsonSpi_IsEmptyFrame	24	static
../Core/Src/communication/jetson_spi.c:104:6:JetsonSpi_Init	16	static
../Core/Src/communication/jetson_spi.c:123:10:JetsonSpi_Crc16CcittFalse	32	static
../Core/Src/communication/jetson_spi.c:155:6:JetsonSpi_ParseFrame	24	static
../Core/Src/communication/jetson_spi.c:200:6:JetsonSpi_ParseCommandFrame	56	static
../Core/Src/communication/jetson_spi.c:218:6:JetsonSpi_PrepareSensorFrame	56	static
../Core/Src/communication/jetson_spi.c:292:13:JetsonSpi_FinalizeTransfer	56	static
../Core/Src/communication/jetson_spi.c:351:6:JetsonSpi_Process	24	static
../Core/Src/communication/jetson_spi.c:393:6:HAL_SPI_TxRxCpltCallback	16	static
../Core/Src/communication/jetson_spi.c:406:6:HAL_SPI_ErrorCallback	16	static
../Core/Src/communication/jetson_spi.c:420:6:JetsonSpi_GetLastRxPacket	24	static
../Core/Src/communication/jetson_spi.c:432:6:JetsonSpi_TakeCommand	24	static
