../Core/Src/measurement/measurement_stage5.c:59:13:MeasurementStage5_StopOutputs	8	static
../Core/Src/measurement/measurement_stage5.c:68:13:MeasurementStage5_Fail	8	static
../Core/Src/measurement/measurement_stage5.c:78:13:MeasurementStage5_SetPhase	24	static
../Core/Src/measurement/measurement_stage5.c:113:13:MeasurementStage5_StartJoint	24	static
../Core/Src/measurement/measurement_stage5.c:133:13:MeasurementStage5_CapturePosition	16	static
../Core/Src/measurement/measurement_stage5.c:167:13:MeasurementStage5_ValidateJoint	24	static
../Core/Src/measurement/measurement_stage5.c:189:13:MeasurementStage5_BuildTable	32	static
../Core/Src/measurement/measurement_stage5.c:230:13:MeasurementStage5_UpdateAdc	40	static
../Core/Src/measurement/measurement_stage5.c:281:6:MeasurementStage5_Init	56	static
../Core/Src/measurement/measurement_stage5.c:375:6:MeasurementStage5_Process	16	static
