../Core/Src/test/gait_test.c:14:13:GaitTest_CheckRlZeroResidual	2712	static
../Core/Src/test/gait_test.c:72:13:GaitTest_CheckRlPlanLatch	1608	static
../Core/Src/test/gait_test.c:151:13:GaitTest_CheckImmediateContactHold	1376	static
../Core/Src/test/gait_test.c:208:13:GaitTest_CheckManualStanceHold	1384	static
../Core/Src/test/gait_test.c:257:13:GaitTest_CheckCommonZRecovery	1312	static
../Core/Src/test/gait_test.c:337:13:GaitTest_CheckLateLandingLimit	1704	static
../Core/Src/test/gait_test.c:423:13:GaitTest_CheckStartupPreview	224	static
../Core/Src/test/gait_test.c:463:13:GaitTest_CheckPhaseTwistLatch	1384	static
../Core/Src/test/gait_test.c:535:25:GaitTest_StartNormal	104	static
../Core/Src/test/gait_test.c:556:13:GaitTest_CheckPreviewTransition	224	static
../Core/Src/test/gait_test.c:621:13:GaitTest_CheckTwoStepCommandLatch	224	static
../Core/Src/test/gait_test.c:686:25:GaitTest_StartConfirmedNormal	112	static
../Core/Src/test/gait_test.c:710:13:GaitTest_CheckTouchdownConfirmation	240	static
../Core/Src/test/gait_test.c:759:13:GaitTest_CheckSupportRecovery	240	static
../Core/Src/test/gait_test.c:814:13:GaitTest_CheckSupportRecoveryTrajectory	2768	static
../Core/Src/test/gait_test.c:946:13:GaitTest_CheckLimitedContinuousWalk	856	static
../Core/Src/test/gait_test.c:1045:13:GaitTest_CheckWaveSequence	240	static
../Core/Src/test/gait_test.c:1100:13:GaitTest_CheckWaveTransitions	240	static
../Core/Src/test/gait_test.c:1189:13:GaitTest_CheckWaveTrajectory	1400	static
../Core/Src/test/gait_test.c:1232:13:GaitTest_CheckWaveIntegrated	2112	static
../Core/Src/test/gait_test.c:1312:6:GaitTest_Run	224	static
