../Core/Src/test/rl_controller_test.c:9:24:RlControllerTest_Prepare	136	static
../Core/Src/test/rl_controller_test.c:30:13:RlControllerTest_CheckSession	912	static
../Core/Src/test/rl_controller_test.c:72:13:RlControllerTest_CheckSequenceAndTimeout	784	static
../Core/Src/test/rl_controller_test.c:112:13:RlControllerTest_CheckObservation	800	static
../Core/Src/test/rl_controller_test.c:165:13:RlControllerTest_CheckPlan	784	static
../Core/Src/test/rl_controller_test.c:225:13:RlControllerTest_CheckValues	808	static
../Core/Src/test/rl_controller_test.c:300:6:RlControllerTest_Run	8	static
