../Core/Src/test/rl_controller_test.c:9:24:RlControllerTest_Prepare	136	static
../Core/Src/test/rl_controller_test.c:30:13:RlControllerTest_CheckSession	1112	static
../Core/Src/test/rl_controller_test.c:72:13:RlControllerTest_CheckSequenceAndTimeout	984	static
../Core/Src/test/rl_controller_test.c:112:13:RlControllerTest_CheckObservation	1000	static
../Core/Src/test/rl_controller_test.c:165:13:RlControllerTest_CheckPlan	984	static
../Core/Src/test/rl_controller_test.c:225:13:RlControllerTest_CheckValues	1008	static
../Core/Src/test/rl_controller_test.c:300:6:RlControllerTest_Run	8	static
